~/qcu ~/qcu
HOME:/public/home/zhangxin/qcu
~/qcu
-- The C compiler identification is GNU 10.3.0
-- The CXX compiler identification is GNU 10.3.0
-- The CUDA compiler identification is NVIDIA 11.4.152
-- Detecting C compiler ABI info
-- Detecting C compiler ABI info - done
-- Check for working C compiler: /public/soft/linux-centos7-x86_64/gcc-4.8.5/gcc-10.3.0-uoicdrf766usj4ma5wxqq4zaqgatfyy3/bin/gcc - skipped
-- Detecting C compile features
-- Detecting C compile features - done
-- Detecting CXX compiler ABI info
-- Detecting CXX compiler ABI info - done
-- Check for working CXX compiler: /public/soft/linux-centos7-x86_64/gcc-4.8.5/gcc-10.3.0-uoicdrf766usj4ma5wxqq4zaqgatfyy3/bin/g++ - skipped
-- Detecting CXX compile features
-- Detecting CXX compile features - done
-- Detecting CUDA compiler ABI info
-- Detecting CUDA compiler ABI info - done
-- Check for working CUDA compiler: /public/soft/linux-centos7-x86_64/gcc-10.3.0/cuda-11.4.4-uizl3zvwy66u3bqllanvuxwxxwfyytwo/bin/nvcc - skipped
-- Detecting CUDA compile features
-- Detecting CUDA compile features - done
-- Found MPI_C: /public/soft/linux-centos7-x86_64/gcc-10.3.0/openmpi-4.1.5-atnooy4j3scc3fxoqn5scmzvpjqmoa3p/lib/libmpi.so (found version "3.1") 
-- Found MPI_CXX: /public/soft/linux-centos7-x86_64/gcc-10.3.0/openmpi-4.1.5-atnooy4j3scc3fxoqn5scmzvpjqmoa3p/lib/libmpi.so (found version "3.1") 
-- Found MPI: TRUE (found version "3.1")  
-- Looking for pthread.h
-- Looking for pthread.h - found
-- Performing Test CMAKE_HAVE_LIBC_PTHREAD
-- Performing Test CMAKE_HAVE_LIBC_PTHREAD - Failed
-- Looking for pthread_create in pthreads
-- Looking for pthread_create in pthreads - not found
-- Looking for pthread_create in pthread
-- Looking for pthread_create in pthread - found
-- Found Threads: TRUE  
-- Found CUDA: /public/soft/linux-centos7-x86_64/gcc-10.3.0/cuda-11.4.4-uizl3zvwy66u3bqllanvuxwxxwfyytwo (found version "11.4") 
-- Using nccl library: /public/home/zhangxin/external-libraries/nccl/build/lib/libnccl.so
-- Found Nccl: /public/home/zhangxin/external-libraries/nccl/build/include  
-- Configuring done
-- Generating done
-- Build files have been written to: /public/home/zhangxin/qcu
[  8%] Building CUDA object CMakeFiles/qcu.dir/src/clover_dslash.cu.o
[ 16%] Building CUDA object CMakeFiles/qcu.dir/src/bistabcg.cu.o
[ 25%] Building CUDA object CMakeFiles/qcu.dir/src/clover_dslash_.cu.o
[ 41%] Building CUDA object CMakeFiles/qcu.dir/src/draft.cu.o
[ 41%] Building CUDA object CMakeFiles/qcu.dir/src/clover_dslash__.cu.o
[ 50%] Building CUDA object CMakeFiles/qcu.dir/src/lattice_cuda.cu.o
[ 66%] Building CUDA object CMakeFiles/qcu.dir/src/nccl_wilson_bistabcg.cu.o
[ 75%] Building CUDA object CMakeFiles/qcu.dir/src/nccl_clover_dslash.cu.o
[ 75%] Building CUDA object CMakeFiles/qcu.dir/src/nccl_wilson_dslash.cu.o
[ 91%] Building CUDA object CMakeFiles/qcu.dir/src/wilson_dslash.cu.o
[ 91%] Building CUDA object CMakeFiles/qcu.dir/src/multgrid.cu.o
[100%] Linking CUDA shared library libqcu.so
[100%] Built target qcu
~/qcu/test ~/qcu
Disabling GPU-Direct RDMA access
Disabling peer-to-peer access
QUDA 1.1.0 (git 1.1.0--sm_80)
CUDA Driver version = 11040
CUDA Runtime version = 11040
Found device 0: NVIDIA A100-PCIE-40GB
Found device 1: NVIDIA A100-PCIE-40GB
Using device 0: NVIDIA A100-PCIE-40GB
WARNING: Data reordering done on GPU (set with QUDA_REORDER_LOCATION=GPU/CPU)
WARNING: Autotuning disabled
WARNING: Autotuning disabled
WARNING: Using device memory pool allocator
WARNING: Using pinned memory pool allocator
cublasCreated successfully
single latt size = [32, 32, 32, 64]
Creating Gaussian distrbuted Lie group field with sigma = 1.000000e-01
================quda=================
CG: Convergence at 220 iterations, L2 relative residual: iterated = 9.773789e-10, true = 9.773789e-10 (requested = 1.000000e-09)
rank 0 quda x and x difference: , 4.2944541003876714e-10, takes 0.7249500679317862 sec, norm_quda_x = 552078.334667424
quda rank 0 takes 0.7249500679317862 sec
===============qcu==================
##RANK:0##LOOP:122##Residual:(9.6844e-10,1.20879e-29i)
nccl wilson bistabcg total time: (without malloc free memcpy) :1.566559087 sec
######TIME :2047.02######
##RANK     :0##LOOP:999
##tmp0     :(1.76522e-10,4.85355e-11i)
##tmp1     :(1.82201e-10,3.04892e-31i)
##rho_prev :(5.31488e-06,-4.42547e-06i)
##rho      :(5.31488e-06,-4.42547e-06i)
##alpha    :(0.110317,-3.33769i)
##beta     :(-1.07693,2.45416i)
##omega    :(0.968832,0.266385i)
##send_tmp :(8.54279e-10,0i)
##norm2_tmp:(9.94969e+07,-1.24786e-12i)
##diff_tmp :(8.58598e-18,1.07682e-37i)
##lat_xyzt :(1.04858e+06,0i)
rank 0 my x and x difference: , 1.412636829318316e-08, takes 2.6290616961196065 sec, my_x_norm = 552078.3346668577
qcu rank 0 takes 2.6290616961196065 sec
============================
================quda=================
CG: Convergence at 220 iterations, L2 relative residual: iterated = 9.773789e-10, true = 9.773789e-10 (requested = 1.000000e-09)
rank 0 quda x and x difference: , 4.2944541003876714e-10, takes 0.6948205020744354 sec, norm_quda_x = 552078.334667424
quda rank 0 takes 0.6948205020744354 sec
===============qcu==================
##RANK:0##LOOP:122##Residual:(9.6844e-10,1.20879e-29i)
nccl wilson bistabcg total time: (without malloc free memcpy) :1.568046207 sec
######TIME :1706.49######
##RANK     :0##LOOP:999
##tmp0     :(1.76522e-10,4.85355e-11i)
##tmp1     :(1.82201e-10,3.04892e-31i)
##rho_prev :(5.31488e-06,-4.42547e-06i)
##rho      :(5.31488e-06,-4.42547e-06i)
##alpha    :(0.110317,-3.33769i)
##beta     :(-1.07693,2.45416i)
##omega    :(0.968832,0.266385i)
##send_tmp :(8.54279e-10,0i)
##norm2_tmp:(9.94969e+07,-1.24786e-12i)
##diff_tmp :(8.58598e-18,1.07682e-37i)
##lat_xyzt :(1.04858e+06,0i)
rank 0 my x and x difference: , 1.412636829318316e-08, takes 2.044776857132092 sec, my_x_norm = 552078.3346668577
qcu rank 0 takes 2.044776857132092 sec
============================
================quda=================
CG: Convergence at 220 iterations, L2 relative residual: iterated = 9.773789e-10, true = 9.773789e-10 (requested = 1.000000e-09)
rank 0 quda x and x difference: , 4.2944541003876714e-10, takes 0.6947881458327174 sec, norm_quda_x = 552078.334667424
quda rank 0 takes 0.6947881458327174 sec
===============qcu==================
##RANK:0##LOOP:122##Residual:(9.6844e-10,1.20879e-29i)
nccl wilson bistabcg total time: (without malloc free memcpy) :1.566093083 sec
######TIME :1714.58######
##RANK     :0##LOOP:999
##tmp0     :(1.76522e-10,4.85355e-11i)
##tmp1     :(1.82201e-10,3.04892e-31i)
##rho_prev :(5.31488e-06,-4.42547e-06i)
##rho      :(5.31488e-06,-4.42547e-06i)
##alpha    :(0.110317,-3.33769i)
##beta     :(-1.07693,2.45416i)
##omega    :(0.968832,0.266385i)
##send_tmp :(8.54279e-10,0i)
##norm2_tmp:(9.94969e+07,-1.24786e-12i)
##diff_tmp :(8.58598e-18,1.07682e-37i)
##lat_xyzt :(1.04858e+06,0i)
rank 0 my x and x difference: , 1.412636829318316e-08, takes 2.039751973003149 sec, my_x_norm = 552078.3346668577
qcu rank 0 takes 2.039751973003149 sec
============================
================quda=================
CG: Convergence at 220 iterations, L2 relative residual: iterated = 9.773789e-10, true = 9.773789e-10 (requested = 1.000000e-09)
rank 0 quda x and x difference: , 4.2944541003876714e-10, takes 0.6944935780484229 sec, norm_quda_x = 552078.334667424
quda rank 0 takes 0.6944935780484229 sec
===============qcu==================
##RANK:0##LOOP:122##Residual:(9.6844e-10,1.20879e-29i)
nccl wilson bistabcg total time: (without malloc free memcpy) :1.567466912 sec
######TIME :1722.49######
##RANK     :0##LOOP:999
##tmp0     :(1.76522e-10,4.85355e-11i)
##tmp1     :(1.82201e-10,3.04892e-31i)
##rho_prev :(5.31488e-06,-4.42547e-06i)
##rho      :(5.31488e-06,-4.42547e-06i)
##alpha    :(0.110317,-3.33769i)
##beta     :(-1.07693,2.45416i)
##omega    :(0.968832,0.266385i)
##send_tmp :(8.54279e-10,0i)
##norm2_tmp:(9.94969e+07,-1.24786e-12i)
##diff_tmp :(8.58598e-18,1.07682e-37i)
##lat_xyzt :(1.04858e+06,0i)
rank 0 my x and x difference: , 1.412636829318316e-08, takes 2.040227544028312 sec, my_x_norm = 552078.3346668577
qcu rank 0 takes 2.040227544028312 sec
============================
================quda=================
CG: Convergence at 220 iterations, L2 relative residual: iterated = 9.773789e-10, true = 9.773789e-10 (requested = 1.000000e-09)
rank 0 quda x and x difference: , 4.2944541003876714e-10, takes 0.6948155979625881 sec, norm_quda_x = 552078.334667424
quda rank 0 takes 0.6948155979625881 sec
===============qcu==================
##RANK:0##LOOP:122##Residual:(9.6844e-10,1.20879e-29i)
nccl wilson bistabcg total time: (without malloc free memcpy) :1.567142752 sec
######TIME :1722.25######
##RANK     :0##LOOP:999
##tmp0     :(1.76522e-10,4.85355e-11i)
##tmp1     :(1.82201e-10,3.04892e-31i)
##rho_prev :(5.31488e-06,-4.42547e-06i)
##rho      :(5.31488e-06,-4.42547e-06i)
##alpha    :(0.110317,-3.33769i)
##beta     :(-1.07693,2.45416i)
##omega    :(0.968832,0.266385i)
##send_tmp :(8.54279e-10,0i)
##norm2_tmp:(9.94969e+07,-1.24786e-12i)
##diff_tmp :(8.58598e-18,1.07682e-37i)
##lat_xyzt :(1.04858e+06,0i)
rank 0 my x and x difference: , 1.412636829318316e-08, takes 2.0420489681418985 sec, my_x_norm = 552078.3346668577
qcu rank 0 takes 2.0420489681418985 sec
============================
================quda=================
CG: Convergence at 220 iterations, L2 relative residual: iterated = 9.773789e-10, true = 9.773789e-10 (requested = 1.000000e-09)
rank 0 quda x and x difference: , 4.2944541003876714e-10, takes 0.6959738440345973 sec, norm_quda_x = 552078.334667424
quda rank 0 takes 0.6959738440345973 sec
===============qcu==================
##RANK:0##LOOP:122##Residual:(9.6844e-10,1.20879e-29i)
nccl wilson bistabcg total time: (without malloc free memcpy) :1.566359723 sec
######TIME :1703.37######
##RANK     :0##LOOP:999
##tmp0     :(1.76522e-10,4.85355e-11i)
##tmp1     :(1.82201e-10,3.04892e-31i)
##rho_prev :(5.31488e-06,-4.42547e-06i)
##rho      :(5.31488e-06,-4.42547e-06i)
##alpha    :(0.110317,-3.33769i)
##beta     :(-1.07693,2.45416i)
##omega    :(0.968832,0.266385i)
##send_tmp :(8.54279e-10,0i)
##norm2_tmp:(9.94969e+07,-1.24786e-12i)
##diff_tmp :(8.58598e-18,1.07682e-37i)
##lat_xyzt :(1.04858e+06,0i)
rank 0 my x and x difference: , 1.412636829318316e-08, takes 2.0437938899267465 sec, my_x_norm = 552078.3346668577
qcu rank 0 takes 2.0437938899267465 sec
============================
================quda=================
CG: Convergence at 220 iterations, L2 relative residual: iterated = 9.773789e-10, true = 9.773789e-10 (requested = 1.000000e-09)
rank 0 quda x and x difference: , 4.2944541003876714e-10, takes 0.6966224240604788 sec, norm_quda_x = 552078.334667424
quda rank 0 takes 0.6966224240604788 sec
===============qcu==================
##RANK:0##LOOP:122##Residual:(9.6844e-10,1.20879e-29i)
nccl wilson bistabcg total time: (without malloc free memcpy) :1.566918096 sec
######TIME :1704.26######
##RANK     :0##LOOP:999
##tmp0     :(1.76522e-10,4.85355e-11i)
##tmp1     :(1.82201e-10,3.04892e-31i)
##rho_prev :(5.31488e-06,-4.42547e-06i)
##rho      :(5.31488e-06,-4.42547e-06i)
##alpha    :(0.110317,-3.33769i)
##beta     :(-1.07693,2.45416i)
##omega    :(0.968832,0.266385i)
##send_tmp :(8.54279e-10,0i)
##norm2_tmp:(9.94969e+07,-1.24786e-12i)
##diff_tmp :(8.58598e-18,1.07682e-37i)
##lat_xyzt :(1.04858e+06,0i)
rank 0 my x and x difference: , 1.412636829318316e-08, takes 2.0433509259019047 sec, my_x_norm = 552078.3346668577
qcu rank 0 takes 2.0433509259019047 sec
============================
================quda=================
CG: Convergence at 220 iterations, L2 relative residual: iterated = 9.773789e-10, true = 9.773789e-10 (requested = 1.000000e-09)
rank 0 quda x and x difference: , 4.2944541003876714e-10, takes 0.696210467023775 sec, norm_quda_x = 552078.334667424
quda rank 0 takes 0.696210467023775 sec
===============qcu==================
##RANK:0##LOOP:122##Residual:(9.6844e-10,1.20879e-29i)
nccl wilson bistabcg total time: (without malloc free memcpy) :1.567774412 sec
######TIME :1732.01######
##RANK     :0##LOOP:999
##tmp0     :(1.76522e-10,4.85355e-11i)
##tmp1     :(1.82201e-10,3.04892e-31i)
##rho_prev :(5.31488e-06,-4.42547e-06i)
##rho      :(5.31488e-06,-4.42547e-06i)
##alpha    :(0.110317,-3.33769i)
##beta     :(-1.07693,2.45416i)
##omega    :(0.968832,0.266385i)
##send_tmp :(8.54279e-10,0i)
##norm2_tmp:(9.94969e+07,-1.24786e-12i)
##diff_tmp :(8.58598e-18,1.07682e-37i)
##lat_xyzt :(1.04858e+06,0i)
rank 0 my x and x difference: , 1.412636829318316e-08, takes 2.0417026029899716 sec, my_x_norm = 552078.3346668577
qcu rank 0 takes 2.0417026029899716 sec
============================
================quda=================
CG: Convergence at 220 iterations, L2 relative residual: iterated = 9.773789e-10, true = 9.773789e-10 (requested = 1.000000e-09)
rank 0 quda x and x difference: , 4.2944541003876714e-10, takes 0.6992029510438442 sec, norm_quda_x = 552078.334667424
quda rank 0 takes 0.6992029510438442 sec
===============qcu==================
##RANK:0##LOOP:122##Residual:(9.6844e-10,1.20879e-29i)
nccl wilson bistabcg total time: (without malloc free memcpy) :1.567871200 sec
######TIME :1716.73######
##RANK     :0##LOOP:999
##tmp0     :(1.76522e-10,4.85355e-11i)
##tmp1     :(1.82201e-10,3.04892e-31i)
##rho_prev :(5.31488e-06,-4.42547e-06i)
##rho      :(5.31488e-06,-4.42547e-06i)
##alpha    :(0.110317,-3.33769i)
##beta     :(-1.07693,2.45416i)
##omega    :(0.968832,0.266385i)
##send_tmp :(8.54279e-10,0i)
##norm2_tmp:(9.94969e+07,-1.24786e-12i)
##diff_tmp :(8.58598e-18,1.07682e-37i)
##lat_xyzt :(1.04858e+06,0i)
rank 0 my x and x difference: , 1.412636829318316e-08, takes 2.0401218000333756 sec, my_x_norm = 552078.3346668577
qcu rank 0 takes 2.0401218000333756 sec
============================
================quda=================
CG: Convergence at 220 iterations, L2 relative residual: iterated = 9.773789e-10, true = 9.773789e-10 (requested = 1.000000e-09)
rank 0 quda x and x difference: , 4.2944541003876714e-10, takes 0.6994994529522955 sec, norm_quda_x = 552078.334667424
quda rank 0 takes 0.6994994529522955 sec
===============qcu==================
##RANK:0##LOOP:122##Residual:(9.6844e-10,1.20879e-29i)
nccl wilson bistabcg total time: (without malloc free memcpy) :1.566491992 sec
######TIME :1713.08######
##RANK     :0##LOOP:999
##tmp0     :(1.76522e-10,4.85355e-11i)
##tmp1     :(1.82201e-10,3.04892e-31i)
##rho_prev :(5.31488e-06,-4.42547e-06i)
##rho      :(5.31488e-06,-4.42547e-06i)
##alpha    :(0.110317,-3.33769i)
##beta     :(-1.07693,2.45416i)
##omega    :(0.968832,0.266385i)
##send_tmp :(8.54279e-10,0i)
##norm2_tmp:(9.94969e+07,-1.24786e-12i)
##diff_tmp :(8.58598e-18,1.07682e-37i)
##lat_xyzt :(1.04858e+06,0i)
rank 0 my x and x difference: , 1.412636829318316e-08, takes 2.0532464049756527 sec, my_x_norm = 552078.3346668577
qcu rank 0 takes 2.0532464049756527 sec
============================

               initQuda Total time =     5.132 secs
                     init     =     5.132 secs ( 99.999%),	 with        2 calls at 2.566e+06 us per call
        total accounted       =     5.132 secs ( 99.999%)
        total missing         =     0.000 secs (  0.001%)

          loadGaugeQuda Total time =     0.047 secs
                 download     =     0.033 secs ( 70.023%),	 with        2 calls at 1.638e+04 us per call
                   upload     =     0.007 secs ( 14.179%),	 with        1 calls at 6.633e+03 us per call
                     init     =     0.003 secs (  6.860%),	 with        2 calls at 1.604e+03 us per call
                  compute     =     0.004 secs (  8.818%),	 with        2 calls at 2.062e+03 us per call
                     free     =     0.000 secs (  0.030%),	 with        2 calls at 7.000e+00 us per call
        total accounted       =     0.047 secs ( 99.910%)
        total missing         =     0.000 secs (  0.090%)

             invertQuda Total time =     6.973 secs
                 download     =     0.004 secs (  0.051%),	 with       10 calls at 3.577e+02 us per call
                   upload     =     0.000 secs (  0.001%),	 with       10 calls at 7.000e+00 us per call
                     init     =     0.012 secs (  0.177%),	 with       10 calls at 1.233e+03 us per call
                 preamble     =     0.027 secs (  0.394%),	 with       20 calls at 1.374e+03 us per call
                  compute     =     6.812 secs ( 97.684%),	 with       10 calls at 6.812e+05 us per call
                 epilogue     =     0.080 secs (  1.141%),	 with       30 calls at 2.652e+03 us per call
                     free     =     0.000 secs (  0.001%),	 with       20 calls at 4.850e+00 us per call
        total accounted       =     6.935 secs ( 99.450%)
        total missing         =     0.038 secs (  0.550%)

                endQuda Total time =     0.021 secs

       initQuda-endQuda Total time =    35.726 secs

                   QUDA Total time =    12.218 secs
                 download     =     0.036 secs (  0.297%),	 with       12 calls at 3.028e+03 us per call
                   upload     =     0.007 secs (  0.055%),	 with       11 calls at 6.095e+02 us per call
                     init     =     5.147 secs ( 42.127%),	 with       14 calls at 3.677e+05 us per call
                 preamble     =     0.027 secs (  0.225%),	 with       20 calls at 1.374e+03 us per call
                  compute     =     6.862 secs ( 56.160%),	 with       13 calls at 5.278e+05 us per call
                 epilogue     =     0.080 secs (  0.651%),	 with       30 calls at 2.652e+03 us per call
                     free     =     0.000 secs (  0.001%),	 with       22 calls at 5.000e+00 us per call
        total accounted       =    12.159 secs ( 99.517%)
        total missing         =     0.059 secs (  0.483%)

Device memory used = 3984.0 MiB
Pinned device memory used = 0.0 MiB
Managed memory used = 0.0 MiB
Shmem memory used = 0.0 MiB
Page-locked host memory used = 84.0 MiB
Total host memory used >= 115.5 MiB

~/qcu
